0 verbose cli C:\Program Files\nodejs\node.exe C:\Program Files\nodejs\node_modules\npm\bin\npm-cli.js
1 info using npm@11.19.0
2 info using node@v24.20.0
3 silly config load:file:C:\Program Files\nodejs\node_modules\npm\npmrc
4 silly config load:file:C:\Users\user\Downloads\QTM-WEBSITE\.npmrc
5 silly config load:file:C:\Users\user\.npmrc
6 silly config load:file:C:\Users\user\AppData\Roaming\npm\etc\npmrc
7 verbose title npm list @cloudflare/vite-plugin vinext
8 verbose argv "list" "@cloudflare/vite-plugin" "vinext"
9 verbose logfile logs-max:10 dir:C:\Users\user\Downloads\QTM-WEBSITE\.sites-runtime\npm-cache\_logs\2026-09-09T12_52_40_396Z-
10 verbose logfile C:\Users\user\Downloads\QTM-WEBSITE\.sites-runtime\npm-cache\_logs\2026-09-09T12_52_40_396Z-debug-0.log
11 silly logfile done cleaning log files
12 silly packumentCache heap:4496293888 maxSize:1124073472 maxEntrySize:562036736
13 verbose shrinkwrap failed to load node_modules/.package-lock.json out of date, updated: node_modules
14 verbose cwd C:\Users\user\Downloads\QTM-WEBSITE
15 verbose os Windows_NT 10.0.26200
16 verbose node v24.20.0
17 verbose npm  v11.19.0
18 verbose exit 0
19 info ok
