0 verbose cli C:\Program Files\nodejs\node.exe C:\Program Files\nodejs\node_modules\npm\bin\npm-cli.js
1 info using npm@11.19.0
2 info using node@v24.20.0
3 silly config load:file:C:\Program Files\nodejs\node_modules\npm\npmrc
4 silly config load:file:C:\Users\user\Downloads\QTM-Group-Website-Deploy-Ready-v34\.npmrc
5 silly config load:file:C:\Users\user\.npmrc
6 silly config load:file:C:\Users\user\AppData\Roaming\npm\etc\npmrc
7 verbose title npm ci
8 verbose argv "ci"
9 verbose logfile logs-max:10 dir:C:\Users\user\Downloads\QTM-Group-Website-Deploy-Ready-v34\.sites-runtime\npm-cache\_logs\2026-09-08T15_23_37_861Z-
10 verbose logfile C:\Users\user\Downloads\QTM-Group-Website-Deploy-Ready-v34\.sites-runtime\npm-cache\_logs\2026-09-08T15_23_37_861Z-debug-0.log
11 silly logfile done cleaning log files
12 silly packumentCache heap:4496293888 maxSize:1124073472 maxEntrySize:562036736
13 silly packumentCache heap:4496293888 maxSize:1124073472 maxEntrySize:562036736
14 silly idealTree buildDeps
15 silly fetch manifest resend@^3.0.0
16 silly packumentCache full:https://registry.npmjs.org/resend cache-miss
17 http fetch GET 200 https://registry.npmjs.org/resend 360ms (cache miss)
18 silly packumentCache full:https://registry.npmjs.org/resend set size:undefined disposed:false
19 silly placeDep ROOT resend@3.5.0 OK for: qtm-group@0.1.0 want: ^3.0.0
20 silly fetch manifest @react-email/render@0.0.16
21 silly packumentCache full:https://registry.npmjs.org/@react-email%2frender cache-miss
22 http fetch GET 200 https://registry.npmjs.org/@react-email%2frender 564ms (cache miss)
23 silly packumentCache full:https://registry.npmjs.org/@react-email%2frender set size:undefined disposed:false
24 silly fetch manifest react@^18.2.0
25 silly packumentCache full:https://registry.npmjs.org/react cache-miss
26 http fetch GET 200 https://registry.npmjs.org/react 200ms (cache miss)
27 silly packumentCache full:https://registry.npmjs.org/react set size:undefined disposed:false
28 silly fetch manifest react-dom@^18.2.0
29 silly packumentCache full:https://registry.npmjs.org/react-dom cache-miss
30 http fetch GET 200 https://registry.npmjs.org/react-dom 234ms (cache miss)
31 silly packumentCache full:https://registry.npmjs.org/react-dom set size:undefined disposed:false
32 silly placeDep node_modules/resend @react-email/render@0.0.16 OK for: resend@3.5.0 want: 0.0.16
33 silly placeDep node_modules/resend react@18.3.1 OK for: @react-email/render@0.0.16 want: ^18.2.0
34 silly placeDep node_modules/resend react-dom@18.3.1 OK for: @react-email/render@0.0.16 want: ^18.2.0
35 silly fetch manifest js-beautify@^1.14.11
36 silly packumentCache full:https://registry.npmjs.org/js-beautify cache-miss
37 silly fetch manifest html-to-text@9.0.5
38 silly packumentCache full:https://registry.npmjs.org/html-to-text cache-miss
39 silly fetch manifest react-promise-suspense@0.3.4
40 silly packumentCache full:https://registry.npmjs.org/react-promise-suspense cache-miss
41 silly fetch manifest scheduler@^0.23.2
42 silly packumentCache full:https://registry.npmjs.org/scheduler cache-miss
43 http fetch GET 200 https://registry.npmjs.org/js-beautify 275ms (cache miss)
44 silly packumentCache full:https://registry.npmjs.org/js-beautify set size:undefined disposed:false
45 http fetch GET 200 https://registry.npmjs.org/html-to-text 289ms (cache miss)
46 silly packumentCache full:https://registry.npmjs.org/html-to-text set size:undefined disposed:false
47 http fetch GET 200 https://registry.npmjs.org/react-promise-suspense 313ms (cache miss)
48 silly packumentCache full:https://registry.npmjs.org/react-promise-suspense set size:undefined disposed:false
49 http fetch GET 200 https://registry.npmjs.org/scheduler 446ms (cache miss)
50 silly packumentCache full:https://registry.npmjs.org/scheduler set size:undefined disposed:false
51 silly placeDep ROOT html-to-text@9.0.5 OK for: @react-email/render@0.0.16 want: 9.0.5
52 silly placeDep ROOT js-beautify@1.15.4 OK for: @react-email/render@0.0.16 want: ^1.14.11
53 silly placeDep ROOT react-promise-suspense@0.3.4 OK for: @react-email/render@0.0.16 want: 0.3.4
54 silly fetch manifest selderee@^0.11.0
55 silly packumentCache full:https://registry.npmjs.org/selderee cache-miss
56 silly fetch manifest deepmerge@^4.3.1
57 silly packumentCache full:https://registry.npmjs.org/deepmerge cache-miss
58 silly fetch manifest htmlparser2@^8.0.2
59 silly packumentCache full:https://registry.npmjs.org/htmlparser2 cache-miss
60 silly fetch manifest dom-serializer@^2.0.0
61 silly packumentCache full:https://registry.npmjs.org/dom-serializer cache-miss
62 silly fetch manifest @selderee/plugin-htmlparser2@^0.11.0
63 silly packumentCache full:https://registry.npmjs.org/@selderee%2fplugin-htmlparser2 cache-miss
64 silly fetch manifest glob@^10.4.2
65 silly packumentCache full:https://registry.npmjs.org/glob cache-miss
66 silly fetch manifest nopt@^7.2.1
67 silly packumentCache full:https://registry.npmjs.org/nopt cache-miss
68 silly fetch manifest js-cookie@^3.0.5
69 silly packumentCache full:https://registry.npmjs.org/js-cookie cache-miss
70 silly fetch manifest config-chain@^1.1.13
71 silly packumentCache full:https://registry.npmjs.org/config-chain cache-miss
72 silly fetch manifest editorconfig@^1.0.4
73 silly packumentCache full:https://registry.npmjs.org/editorconfig cache-miss
74 silly fetch manifest fast-deep-equal@^2.0.1
75 silly packumentCache full:https://registry.npmjs.org/fast-deep-equal cache-miss
76 http fetch GET 200 https://registry.npmjs.org/selderee 264ms (cache miss)
77 silly packumentCache full:https://registry.npmjs.org/selderee set size:undefined disposed:false
78 http fetch GET 200 https://registry.npmjs.org/deepmerge 266ms (cache miss)
79 silly packumentCache full:https://registry.npmjs.org/deepmerge set size:undefined disposed:false
80 http fetch GET 200 https://registry.npmjs.org/htmlparser2 274ms (cache miss)
81 silly packumentCache full:https://registry.npmjs.org/htmlparser2 set size:undefined disposed:false
82 http fetch GET 200 https://registry.npmjs.org/dom-serializer 285ms (cache miss)
83 silly packumentCache full:https://registry.npmjs.org/dom-serializer set size:undefined disposed:false
84 http fetch GET 200 https://registry.npmjs.org/editorconfig 312ms (cache miss)
85 silly packumentCache full:https://registry.npmjs.org/editorconfig set size:undefined disposed:false
86 http fetch GET 200 https://registry.npmjs.org/js-cookie 315ms (cache miss)
87 silly packumentCache full:https://registry.npmjs.org/js-cookie set size:undefined disposed:false
88 http fetch GET 200 https://registry.npmjs.org/config-chain 317ms (cache miss)
89 silly packumentCache full:https://registry.npmjs.org/config-chain set size:undefined disposed:false
90 http fetch GET 200 https://registry.npmjs.org/nopt 321ms (cache miss)
91 silly packumentCache full:https://registry.npmjs.org/nopt set size:undefined disposed:false
92 http fetch GET 200 https://registry.npmjs.org/fast-deep-equal 328ms (cache miss)
93 silly packumentCache full:https://registry.npmjs.org/fast-deep-equal set size:undefined disposed:false
94 http fetch GET 200 https://registry.npmjs.org/glob 333ms (cache miss)
95 silly packumentCache full:https://registry.npmjs.org/glob set size:undefined disposed:false
96 http fetch GET 200 https://registry.npmjs.org/@selderee%2fplugin-htmlparser2 604ms (cache miss)
97 silly packumentCache full:https://registry.npmjs.org/@selderee%2fplugin-htmlparser2 set size:undefined disposed:false
98 silly placeDep ROOT @selderee/plugin-htmlparser2@0.11.0 OK for: html-to-text@9.0.5 want: ^0.11.0
99 silly placeDep ROOT deepmerge@4.3.1 OK for: html-to-text@9.0.5 want: ^4.3.1
100 silly placeDep ROOT dom-serializer@2.0.0 OK for: html-to-text@9.0.5 want: ^2.0.0
101 silly placeDep ROOT htmlparser2@8.0.2 OK for: html-to-text@9.0.5 want: ^8.0.2
102 silly placeDep ROOT selderee@0.11.0 OK for: html-to-text@9.0.5 want: ^0.11.0
103 silly fetch manifest domhandler@^5.0.3
104 silly packumentCache full:https://registry.npmjs.org/domhandler cache-miss
105 silly fetch manifest entities@^4.2.0
106 silly packumentCache full:https://registry.npmjs.org/entities cache-miss
107 silly fetch manifest domhandler@^5.0.2
108 silly packumentCache full:https://registry.npmjs.org/domhandler cache-miss
109 silly fetch manifest domelementtype@^2.3.0
110 silly packumentCache full:https://registry.npmjs.org/domelementtype cache-miss
111 silly fetch manifest domutils@^3.0.1
112 silly packumentCache full:https://registry.npmjs.org/domutils cache-miss
113 silly fetch manifest entities@^4.4.0
114 silly packumentCache full:https://registry.npmjs.org/entities cache-miss
115 silly fetch manifest domhandler@^5.0.3
116 silly packumentCache full:https://registry.npmjs.org/domhandler cache-miss
117 silly fetch manifest domelementtype@^2.3.0
118 silly packumentCache full:https://registry.npmjs.org/domelementtype cache-miss
119 silly fetch manifest parseley@^0.12.0
120 silly packumentCache full:https://registry.npmjs.org/parseley cache-miss
121 http fetch GET 200 https://registry.npmjs.org/entities 271ms (cache miss)
122 silly packumentCache full:https://registry.npmjs.org/entities set size:undefined disposed:false
123 http fetch GET 200 https://registry.npmjs.org/domelementtype 287ms (cache miss)
124 silly packumentCache full:https://registry.npmjs.org/domelementtype set size:undefined disposed:false
125 http fetch GET 200 https://registry.npmjs.org/domelementtype 288ms (cache miss)
126 silly packumentCache full:https://registry.npmjs.org/domelementtype set size:undefined disposed:false
127 http fetch GET 200 https://registry.npmjs.org/domhandler 289ms (cache miss)
128 silly packumentCache full:https://registry.npmjs.org/domhandler set size:undefined disposed:false
129 http fetch GET 200 https://registry.npmjs.org/domhandler 292ms (cache miss)
130 silly packumentCache full:https://registry.npmjs.org/domhandler set size:undefined disposed:false
131 http fetch GET 200 https://registry.npmjs.org/entities 291ms (cache miss)
132 silly packumentCache full:https://registry.npmjs.org/entities set size:undefined disposed:false
133 http fetch GET 200 https://registry.npmjs.org/parseley 291ms (cache miss)
134 silly packumentCache full:https://registry.npmjs.org/parseley set size:undefined disposed:false
135 http fetch GET 200 https://registry.npmjs.org/domhandler 293ms (cache miss)
136 silly packumentCache full:https://registry.npmjs.org/domhandler set size:undefined disposed:false
137 http fetch GET 200 https://registry.npmjs.org/domutils 295ms (cache miss)
138 silly packumentCache full:https://registry.npmjs.org/domutils set size:undefined disposed:false
139 silly placeDep ROOT domhandler@5.0.3 OK for: @selderee/plugin-htmlparser2@0.11.0 want: ^5.0.3
140 silly placeDep ROOT domelementtype@2.3.0 OK for: dom-serializer@2.0.0 want: ^2.3.0
141 silly placeDep ROOT entities@4.5.0 OK for: dom-serializer@2.0.0 want: ^4.2.0
142 silly placeDep ROOT domutils@3.2.2 OK for: htmlparser2@8.0.2 want: ^3.0.1
143 silly placeDep ROOT config-chain@1.1.13 OK for: js-beautify@1.15.4 want: ^1.1.13
144 silly placeDep ROOT editorconfig@1.0.7 OK for: js-beautify@1.15.4 want: ^1.0.4
145 silly placeDep ROOT glob@10.5.0 OK for: js-beautify@1.15.4 want: ^10.4.2
146 silly placeDep ROOT js-cookie@3.0.8 OK for: js-beautify@1.15.4 want: ^3.0.5
147 silly placeDep ROOT nopt@7.2.1 OK for: js-beautify@1.15.4 want: ^7.2.1
148 silly fetch manifest proto-list@~1.2.1
149 silly packumentCache full:https://registry.npmjs.org/proto-list cache-miss
150 silly fetch manifest ini@^1.3.4
151 silly packumentCache full:https://registry.npmjs.org/ini cache-miss
152 silly fetch manifest semver@^7.5.3
153 silly packumentCache full:https://registry.npmjs.org/semver cache-miss
154 silly fetch manifest commander@^10.0.0
155 silly packumentCache full:https://registry.npmjs.org/commander cache-miss
156 silly fetch manifest minimatch@^9.0.1
157 silly packumentCache full:https://registry.npmjs.org/minimatch cache-miss
158 silly fetch manifest @one-ini/wasm@0.1.1
159 silly packumentCache full:https://registry.npmjs.org/@one-ini%2fwasm cache-miss
160 silly fetch manifest minipass@^7.1.2
161 silly packumentCache full:https://registry.npmjs.org/minipass cache-miss
162 silly fetch manifest jackspeak@^3.1.2
163 silly packumentCache full:https://registry.npmjs.org/jackspeak cache-miss
164 silly fetch manifest minimatch@^9.0.4
165 silly packumentCache full:https://registry.npmjs.org/minimatch cache-miss
166 silly fetch manifest path-scurry@^1.11.1
167 silly packumentCache full:https://registry.npmjs.org/path-scurry cache-miss
168 silly fetch manifest foreground-child@^3.1.0
169 silly packumentCache full:https://registry.npmjs.org/foreground-child cache-miss
170 silly fetch manifest package-json-from-dist@^1.0.0
171 silly packumentCache full:https://registry.npmjs.org/package-json-from-dist cache-miss
172 silly fetch manifest abbrev@^2.0.0
173 silly packumentCache full:https://registry.npmjs.org/abbrev cache-miss
174 http fetch GET 200 https://registry.npmjs.org/ini 35ms (cache miss)
175 silly packumentCache full:https://registry.npmjs.org/ini set size:undefined disposed:false
176 http fetch GET 200 https://registry.npmjs.org/minimatch 53ms (cache miss)
177 silly packumentCache full:https://registry.npmjs.org/minimatch set size:undefined disposed:false
178 http fetch GET 200 https://registry.npmjs.org/minimatch 57ms (cache miss)
179 silly packumentCache full:https://registry.npmjs.org/minimatch set size:undefined disposed:false
180 http fetch GET 200 https://registry.npmjs.org/proto-list 251ms (cache miss)
181 silly packumentCache full:https://registry.npmjs.org/proto-list set size:undefined disposed:false
182 http fetch GET 200 https://registry.npmjs.org/path-scurry 263ms (cache miss)
183 silly packumentCache full:https://registry.npmjs.org/path-scurry set size:undefined disposed:false
184 http fetch GET 200 https://registry.npmjs.org/abbrev 289ms (cache miss)
185 silly packumentCache full:https://registry.npmjs.org/abbrev set size:undefined disposed:false
186 http fetch GET 200 https://registry.npmjs.org/commander 301ms (cache miss)
187 silly packumentCache full:https://registry.npmjs.org/commander set size:undefined disposed:false
188 http fetch GET 200 https://registry.npmjs.org/foreground-child 305ms (cache miss)
189 silly packumentCache full:https://registry.npmjs.org/foreground-child set size:undefined disposed:false
190 http fetch GET 200 https://registry.npmjs.org/package-json-from-dist 306ms (cache miss)
191 silly packumentCache full:https://registry.npmjs.org/package-json-from-dist set size:undefined disposed:false
192 http fetch GET 200 https://registry.npmjs.org/semver 315ms (cache miss)
193 silly packumentCache full:https://registry.npmjs.org/semver set size:undefined disposed:false
194 http fetch GET 200 https://registry.npmjs.org/minipass 316ms (cache miss)
195 silly packumentCache full:https://registry.npmjs.org/minipass set size:undefined disposed:false
196 http fetch GET 200 https://registry.npmjs.org/jackspeak 318ms (cache miss)
197 silly packumentCache full:https://registry.npmjs.org/jackspeak set size:undefined disposed:false
198 http fetch GET 200 https://registry.npmjs.org/@one-ini%2fwasm 596ms (cache miss)
199 silly packumentCache full:https://registry.npmjs.org/@one-ini%2fwasm set size:undefined disposed:false
200 silly placeDep ROOT ini@1.3.8 OK for: config-chain@1.1.13 want: ^1.3.4
201 silly placeDep ROOT proto-list@1.2.4 OK for: config-chain@1.1.13 want: ~1.2.1
202 silly placeDep ROOT @one-ini/wasm@0.1.1 OK for: editorconfig@1.0.7 want: 0.1.1
203 silly placeDep node_modules/editorconfig commander@10.0.1 OK for: editorconfig@1.0.7 want: ^10.0.0
204 silly placeDep node_modules/editorconfig minimatch@9.0.9 OK for: editorconfig@1.0.7 want: ^9.0.1
205 silly placeDep node_modules/editorconfig semver@7.8.5 OK for: editorconfig@1.0.7 want: ^7.5.3
206 silly fetch manifest brace-expansion@^2.0.2
207 silly packumentCache full:https://registry.npmjs.org/brace-expansion cache-miss
208 http fetch GET 200 https://registry.npmjs.org/brace-expansion 254ms (cache miss)
209 silly packumentCache full:https://registry.npmjs.org/brace-expansion set size:undefined disposed:false
210 silly placeDep ROOT foreground-child@3.3.1 OK for: glob@10.5.0 want: ^3.1.0
211 silly placeDep ROOT jackspeak@3.4.3 OK for: glob@10.5.0 want: ^3.1.2
212 silly placeDep node_modules/glob minimatch@9.0.9 OK for: glob@10.5.0 want: ^9.0.4
213 silly placeDep ROOT minipass@7.1.3 OK for: glob@10.5.0 want: ^7.1.2
214 silly placeDep ROOT package-json-from-dist@1.0.1 OK for: glob@10.5.0 want: ^1.0.0
215 silly placeDep ROOT path-scurry@1.11.1 OK for: glob@10.5.0 want: ^1.11.1
216 silly fetch manifest signal-exit@^4.0.1
217 silly packumentCache full:https://registry.npmjs.org/signal-exit cache-miss
218 silly fetch manifest @isaacs/cliui@^8.0.2
219 silly packumentCache full:https://registry.npmjs.org/@isaacs%2fcliui cache-miss
220 silly fetch manifest @pkgjs/parseargs@^0.11.0
221 silly packumentCache full:https://registry.npmjs.org/@pkgjs%2fparseargs cache-miss
222 silly fetch manifest lru-cache@^10.2.0
223 silly packumentCache full:https://registry.npmjs.org/lru-cache cache-miss
224 http fetch GET 200 https://registry.npmjs.org/signal-exit 31ms (cache miss)
225 silly packumentCache full:https://registry.npmjs.org/signal-exit set size:undefined disposed:false
226 http fetch GET 200 https://registry.npmjs.org/lru-cache 268ms (cache miss)
227 silly packumentCache full:https://registry.npmjs.org/lru-cache set size:undefined disposed:false
228 http fetch GET 200 https://registry.npmjs.org/@isaacs%2fcliui 599ms (cache miss)
229 silly packumentCache full:https://registry.npmjs.org/@isaacs%2fcliui set size:undefined disposed:false
230 http fetch GET 200 https://registry.npmjs.org/@pkgjs%2fparseargs 608ms (cache miss)
231 silly packumentCache full:https://registry.npmjs.org/@pkgjs%2fparseargs set size:undefined disposed:false
232 silly placeDep ROOT signal-exit@4.1.0 OK for: foreground-child@3.3.1 want: ^4.0.1
233 silly placeDep ROOT @isaacs/cliui@8.0.2 OK for: jackspeak@3.4.3 want: ^8.0.2
234 silly placeDep ROOT @pkgjs/parseargs@0.11.0 OK for: jackspeak@3.4.3 want: ^0.11.0
235 silly fetch manifest wrap-ansi@^8.1.0
236 silly packumentCache full:https://registry.npmjs.org/wrap-ansi cache-miss
237 silly fetch manifest strip-ansi@^7.0.1
238 silly packumentCache full:https://registry.npmjs.org/strip-ansi cache-miss
239 silly fetch manifest string-width@^5.1.2
240 silly packumentCache full:https://registry.npmjs.org/string-width cache-miss
241 silly fetch manifest wrap-ansi-cjs@npm:wrap-ansi@^7.0.0
242 silly packumentCache full:https://registry.npmjs.org/wrap-ansi cache-miss
243 silly fetch manifest strip-ansi-cjs@npm:strip-ansi@^6.0.1
244 silly packumentCache full:https://registry.npmjs.org/strip-ansi cache-miss
245 silly fetch manifest string-width-cjs@npm:string-width@^4.2.0
246 silly packumentCache full:https://registry.npmjs.org/string-width cache-miss
247 http fetch GET 200 https://registry.npmjs.org/string-width 261ms (cache miss)
248 silly packumentCache full:https://registry.npmjs.org/string-width set size:undefined disposed:false
249 http fetch GET 200 https://registry.npmjs.org/string-width 266ms (cache miss)
250 silly packumentCache full:https://registry.npmjs.org/string-width set size:undefined disposed:false
251 http fetch GET 200 https://registry.npmjs.org/strip-ansi 274ms (cache miss)
252 silly packumentCache full:https://registry.npmjs.org/strip-ansi set size:undefined disposed:false
253 http fetch GET 200 https://registry.npmjs.org/strip-ansi 274ms (cache miss)
254 silly packumentCache full:https://registry.npmjs.org/strip-ansi set size:undefined disposed:false
255 http fetch GET 200 https://registry.npmjs.org/wrap-ansi 277ms (cache miss)
256 silly packumentCache full:https://registry.npmjs.org/wrap-ansi set size:undefined disposed:false
257 http fetch GET 200 https://registry.npmjs.org/wrap-ansi 279ms (cache miss)
258 silly packumentCache full:https://registry.npmjs.org/wrap-ansi set size:undefined disposed:false
259 silly placeDep ROOT string-width@5.1.2 OK for: @isaacs/cliui@8.0.2 want: ^5.1.2
260 silly placeDep ROOT string-width-cjs@4.2.3 OK for: @isaacs/cliui@8.0.2 want: npm:string-width@^4.2.0
261 silly placeDep ROOT strip-ansi@7.2.0 OK for: @isaacs/cliui@8.0.2 want: ^7.0.1
262 silly placeDep ROOT strip-ansi-cjs@6.0.1 OK for: @isaacs/cliui@8.0.2 want: npm:strip-ansi@^6.0.1
263 silly placeDep ROOT wrap-ansi@8.1.0 OK for: @isaacs/cliui@8.0.2 want: ^8.1.0
264 silly placeDep ROOT wrap-ansi-cjs@7.0.0 OK for: @isaacs/cliui@8.0.2 want: npm:wrap-ansi@^7.0.0
265 silly fetch manifest eastasianwidth@^0.2.0
266 silly packumentCache full:https://registry.npmjs.org/eastasianwidth cache-miss
267 silly fetch manifest strip-ansi@^6.0.1
268 silly packumentCache full:https://registry.npmjs.org/strip-ansi cache-miss
269 silly fetch manifest emoji-regex@^8.0.0
270 silly packumentCache full:https://registry.npmjs.org/emoji-regex cache-miss
271 silly fetch manifest is-fullwidth-code-point@^3.0.0
272 silly packumentCache full:https://registry.npmjs.org/is-fullwidth-code-point cache-miss
273 silly fetch manifest ansi-regex@^6.2.2
274 silly packumentCache full:https://registry.npmjs.org/ansi-regex cache-miss
275 silly fetch manifest ansi-regex@^5.0.1
276 silly packumentCache full:https://registry.npmjs.org/ansi-regex cache-miss
277 silly fetch manifest ansi-styles@^6.1.0
278 silly packumentCache full:https://registry.npmjs.org/ansi-styles cache-miss
279 silly fetch manifest strip-ansi@^6.0.0
280 silly packumentCache full:https://registry.npmjs.org/strip-ansi cache-miss
281 silly fetch manifest string-width@^4.1.0
282 silly packumentCache full:https://registry.npmjs.org/string-width cache-miss
283 http cache https://registry.npmjs.org/strip-ansi 18ms (cache hit)
284 silly packumentCache full:https://registry.npmjs.org/strip-ansi set size:44998 disposed:false
285 http cache https://registry.npmjs.org/string-width 18ms (cache hit)
286 silly packumentCache full:https://registry.npmjs.org/string-width set size:72458 disposed:false
287 http cache https://registry.npmjs.org/strip-ansi 19ms (cache hit)
288 silly packumentCache full:https://registry.npmjs.org/strip-ansi set size:44998 disposed:false
289 silly packumentCache full:https://registry.npmjs.org/strip-ansi dispose
290 http fetch GET 200 https://registry.npmjs.org/ansi-styles 40ms (cache miss)
291 silly packumentCache full:https://registry.npmjs.org/ansi-styles set size:undefined disposed:false
292 http fetch GET 200 https://registry.npmjs.org/emoji-regex 45ms (cache miss)
293 silly packumentCache full:https://registry.npmjs.org/emoji-regex set size:undefined disposed:false
294 http fetch GET 200 https://registry.npmjs.org/eastasianwidth 248ms (cache miss)
295 silly packumentCache full:https://registry.npmjs.org/eastasianwidth set size:undefined disposed:false
296 http fetch GET 200 https://registry.npmjs.org/ansi-regex 253ms (cache miss)
297 silly packumentCache full:https://registry.npmjs.org/ansi-regex set size:undefined disposed:false
298 http fetch GET 200 https://registry.npmjs.org/ansi-regex 255ms (cache miss)
299 silly packumentCache full:https://registry.npmjs.org/ansi-regex set size:undefined disposed:false
300 http fetch GET 200 https://registry.npmjs.org/is-fullwidth-code-point 259ms (cache miss)
301 silly packumentCache full:https://registry.npmjs.org/is-fullwidth-code-point set size:undefined disposed:false
302 silly placeDep ROOT abbrev@2.0.0 OK for: nopt@7.2.1 want: ^2.0.0
303 silly placeDep node_modules/path-scurry lru-cache@10.4.3 OK for: path-scurry@1.11.1 want: ^10.2.0
304 silly placeDep node_modules/react-promise-suspense fast-deep-equal@2.0.1 OK for: react-promise-suspense@0.3.4 want: ^2.0.1
305 silly placeDep ROOT parseley@0.12.1 OK for: selderee@0.11.0 want: ^0.12.0
306 silly fetch manifest leac@^0.6.0
307 silly packumentCache full:https://registry.npmjs.org/leac cache-miss
308 silly fetch manifest peberminta@^0.9.0
309 silly packumentCache full:https://registry.npmjs.org/peberminta cache-miss
310 http fetch GET 200 https://registry.npmjs.org/leac 259ms (cache miss)
311 silly packumentCache full:https://registry.npmjs.org/leac set size:undefined disposed:false
312 http fetch GET 200 https://registry.npmjs.org/peberminta 261ms (cache miss)
313 silly packumentCache full:https://registry.npmjs.org/peberminta set size:undefined disposed:false
314 silly placeDep ROOT leac@0.6.0 OK for: parseley@0.12.1 want: ^0.6.0
315 silly placeDep ROOT peberminta@0.9.0 OK for: parseley@0.12.1 want: ^0.9.0
316 silly placeDep ROOT eastasianwidth@0.2.0 OK for: string-width@5.1.2 want: ^0.2.0
317 silly placeDep node_modules/string-width-cjs emoji-regex@8.0.0 OK for: string-width@4.2.3 want: ^8.0.0
318 silly placeDep ROOT is-fullwidth-code-point@3.0.0 OK for: string-width@4.2.3 want: ^3.0.0
319 silly placeDep node_modules/string-width-cjs strip-ansi@6.0.1 OK for: string-width@4.2.3 want: ^6.0.1
320 silly placeDep ROOT ansi-regex@6.3.0 OK for: strip-ansi@7.2.0 want: ^6.2.2
321 silly placeDep node_modules/strip-ansi-cjs ansi-regex@5.0.1 OK for: strip-ansi@6.0.1 want: ^5.0.1
322 silly placeDep node_modules/wrap-ansi ansi-styles@6.2.3 OK for: wrap-ansi@8.1.0 want: ^6.1.0
323 silly placeDep node_modules/wrap-ansi-cjs string-width@4.2.3 OK for: wrap-ansi@7.0.0 want: ^4.1.0
324 silly placeDep node_modules/wrap-ansi-cjs strip-ansi@6.0.1 OK for: wrap-ansi@7.0.0 want: ^6.0.0
325 silly placeDep node_modules/editorconfig brace-expansion@2.1.4 OK for: minimatch@9.0.9 want: ^2.0.2
326 silly placeDep node_modules/glob brace-expansion@2.1.4 OK for: minimatch@9.0.9 want: ^2.0.2
327 silly placeDep node_modules/resend scheduler@0.23.2 OK for: react-dom@18.3.1 want: ^0.23.2
328 silly placeDep node_modules/string-width-cjs ansi-regex@5.0.1 OK for: strip-ansi@6.0.1 want: ^5.0.1
329 silly placeDep node_modules/wrap-ansi-cjs emoji-regex@8.0.0 OK for: string-width@4.2.3 want: ^8.0.0
330 silly placeDep node_modules/wrap-ansi-cjs ansi-regex@5.0.1 OK for: strip-ansi@6.0.1 want: ^5.0.1
331 verbose stack Error: 
331 verbose stack `npm ci` can only install packages when your package.json and package-lock.json or npm-shrinkwrap.json are in sync. Please update your lock file with `npm install` before continuing.
331 verbose stack
331 verbose stack Missing: resend@3.5.0 from lock file
331 verbose stack Missing: @react-email/render@0.0.16 from lock file
331 verbose stack Missing: react@18.3.1 from lock file
331 verbose stack Missing: react-dom@18.3.1 from lock file
331 verbose stack Missing: html-to-text@9.0.5 from lock file
331 verbose stack Missing: js-beautify@1.15.4 from lock file
331 verbose stack Missing: react-promise-suspense@0.3.4 from lock file
331 verbose stack Missing: @selderee/plugin-htmlparser2@0.11.0 from lock file
331 verbose stack Missing: deepmerge@4.3.1 from lock file
331 verbose stack Missing: dom-serializer@2.0.0 from lock file
331 verbose stack Missing: htmlparser2@8.0.2 from lock file
331 verbose stack Missing: selderee@0.11.0 from lock file
331 verbose stack Missing: domhandler@5.0.3 from lock file
331 verbose stack Missing: domelementtype@2.3.0 from lock file
331 verbose stack Missing: entities@4.5.0 from lock file
331 verbose stack Missing: domutils@3.2.2 from lock file
331 verbose stack Missing: config-chain@1.1.13 from lock file
331 verbose stack Missing: editorconfig@1.0.7 from lock file
331 verbose stack Missing: glob@10.5.0 from lock file
331 verbose stack Missing: js-cookie@3.0.8 from lock file
331 verbose stack Missing: nopt@7.2.1 from lock file
331 verbose stack Missing: ini@1.3.8 from lock file
331 verbose stack Missing: proto-list@1.2.4 from lock file
331 verbose stack Missing: @one-ini/wasm@0.1.1 from lock file
331 verbose stack Missing: commander@10.0.1 from lock file
331 verbose stack Missing: minimatch@9.0.9 from lock file
331 verbose stack Missing: semver@7.8.5 from lock file
331 verbose stack Missing: foreground-child@3.3.1 from lock file
331 verbose stack Missing: jackspeak@3.4.3 from lock file
331 verbose stack Missing: minimatch@9.0.9 from lock file
331 verbose stack Missing: minipass@7.1.3 from lock file
331 verbose stack Missing: package-json-from-dist@1.0.1 from lock file
331 verbose stack Missing: path-scurry@1.11.1 from lock file
331 verbose stack Missing: signal-exit@4.1.0 from lock file
331 verbose stack Missing: @isaacs/cliui@8.0.2 from lock file
331 verbose stack Missing: @pkgjs/parseargs@0.11.0 from lock file
331 verbose stack Missing: string-width@5.1.2 from lock file
331 verbose stack Missing: string-width-cjs@4.2.3 from lock file
331 verbose stack Missing: strip-ansi@7.2.0 from lock file
331 verbose stack Missing: strip-ansi-cjs@6.0.1 from lock file
331 verbose stack Missing: wrap-ansi@8.1.0 from lock file
331 verbose stack Missing: wrap-ansi-cjs@7.0.0 from lock file
331 verbose stack Missing: abbrev@2.0.0 from lock file
331 verbose stack Missing: lru-cache@10.4.3 from lock file
331 verbose stack Missing: fast-deep-equal@2.0.1 from lock file
331 verbose stack Missing: parseley@0.12.1 from lock file
331 verbose stack Missing: leac@0.6.0 from lock file
331 verbose stack Missing: peberminta@0.9.0 from lock file
331 verbose stack Missing: eastasianwidth@0.2.0 from lock file
331 verbose stack Missing: emoji-regex@8.0.0 from lock file
331 verbose stack Missing: is-fullwidth-code-point@3.0.0 from lock file
331 verbose stack Missing: strip-ansi@6.0.1 from lock file
331 verbose stack Missing: ansi-regex@6.3.0 from lock file
331 verbose stack Missing: ansi-regex@5.0.1 from lock file
331 verbose stack Missing: ansi-styles@6.2.3 from lock file
331 verbose stack Missing: string-width@4.2.3 from lock file
331 verbose stack Missing: strip-ansi@6.0.1 from lock file
331 verbose stack Missing: brace-expansion@2.1.4 from lock file
331 verbose stack Missing: brace-expansion@2.1.4 from lock file
331 verbose stack Missing: scheduler@0.23.2 from lock file
331 verbose stack Missing: ansi-regex@5.0.1 from lock file
331 verbose stack Missing: emoji-regex@8.0.0 from lock file
331 verbose stack Missing: ansi-regex@5.0.1 from lock file
331 verbose stack
331 verbose stack Clean install a project
331 verbose stack
331 verbose stack Usage:
331 verbose stack npm ci
331 verbose stack
331 verbose stack Options:
331 verbose stack [--install-strategy <hoisted|nested|shallow|linked>] [--legacy-bundling]
331 verbose stack [--global-style] [--omit <dev|optional|peer> [--omit <dev|optional|peer> ...]]
331 verbose stack [--include <prod|dev|optional|peer> [--include <prod|dev|optional|peer> ...]]
331 verbose stack [--strict-peer-deps] [--foreground-scripts] [--ignore-scripts]
331 verbose stack [--allow-directory <all|none|root>] [--allow-file <all|none|root>]
331 verbose stack [--allow-git <all|none|root>] [--allow-remote <all|none|root>]
331 verbose stack [--allow-scripts <package-list> [--allow-scripts <package-list> ...]]
331 verbose stack [--strict-allow-scripts] [--dangerously-allow-all-scripts] [--no-audit]
331 verbose stack [--no-bin-links] [--no-fund] [--dry-run]
331 verbose stack [-w|--workspace <workspace-name> [-w|--workspace <workspace-name> ...]]
331 verbose stack [--workspaces] [--include-workspace-root] [--install-links]
331 verbose stack
331 verbose stack   --install-strategy
331 verbose stack     Sets the strategy for installing packages in node_modules.
331 verbose stack
331 verbose stack   --legacy-bundling
331 verbose stack     Instead of hoisting package installs in `node_modules`, install packages
331 verbose stack
331 verbose stack   --global-style
331 verbose stack     Only install direct dependencies in the top level `node_modules`,
331 verbose stack
331 verbose stack   --omit
331 verbose stack     Dependency types to omit from the installation tree on disk.
331 verbose stack
331 verbose stack   --include
331 verbose stack     Option that allows for defining which types of dependencies to install.
331 verbose stack
331 verbose stack   --strict-peer-deps
331 verbose stack     If set to `true`, and `--legacy-peer-deps` is not set, then _any_
331 verbose stack
331 verbose stack   --foreground-scripts
331 verbose stack     Run all build scripts (ie, `preinstall`, `install`, and
331 verbose stack
331 verbose stack   --ignore-scripts
331 verbose stack     If true, npm does not run scripts specified in package.json files.
331 verbose stack
331 verbose stack   --allow-directory
331 verbose stack     Limits the ability for npm to install dependencies from directories.
331 verbose stack
331 verbose stack   --allow-file
331 verbose stack     Limits the ability for npm to install dependencies from tarball files.
331 verbose stack
331 verbose stack   --allow-git
331 verbose stack     Limits the ability for npm to fetch dependencies from git references.
331 verbose stack
331 verbose stack   --allow-remote
331 verbose stack     Limits the ability for npm to fetch dependencies from urls.
331 verbose stack
331 verbose stack   --allow-scripts
331 verbose stack     Comma-separated list of packages whose install-time lifecycle scripts
331 verbose stack
331 verbose stack   --strict-allow-scripts
331 verbose stack     If `true`, turn the install-script policy from a warning into a hard
331 verbose stack
331 verbose stack   --dangerously-allow-all-scripts
331 verbose stack     If `true`, bypass the `allowScripts` policy entirely and run every
331 verbose stack
331 verbose stack   --audit
331 verbose stack     When "true" submit audit reports alongside the current npm command to the
331 verbose stack
331 verbose stack   --bin-links
331 verbose stack     Tells npm to create symlinks (or `.cmd` shims on Windows) for package
331 verbose stack
331 verbose stack   --fund
331 verbose stack     When "true" displays the message at the end of each `npm install`
331 verbose stack
331 verbose stack   --dry-run
331 verbose stack     Indicates that you don't want npm to make any changes and that it should
331 verbose stack
331 verbose stack   -w|--workspace
331 verbose stack     Enable running a command in the context of the configured workspaces of the
331 verbose stack
331 verbose stack   --workspaces
331 verbose stack     Set to true to run the command in the context of **all** configured
331 verbose stack
331 verbose stack   --include-workspace-root
331 verbose stack     Include the workspace root when workspaces are enabled for a command.
331 verbose stack
331 verbose stack   --install-links
331 verbose stack     When set file: protocol dependencies will be packed and installed as
331 verbose stack
331 verbose stack
331 verbose stack aliases: clean-install, ic, install-clean, isntall-clean
331 verbose stack
331 verbose stack Run "npm help ci" for more info
331 verbose stack     at CI.usageError (C:\Program Files\nodejs\node_modules\npm\lib\base-cmd.js:179:26)
331 verbose stack     at CI.exec (C:\Program Files\nodejs\node_modules\npm\lib\commands\ci.js:84:18)
331 verbose stack     at async Npm.exec (C:\Program Files\nodejs\node_modules\npm\lib\npm.js:193:9)
331 verbose stack     at async module.exports (C:\Program Files\nodejs\node_modules\npm\lib\cli\entry.js:67:5)
332 error code EUSAGE
333 error
333 error `npm ci` can only install packages when your package.json and package-lock.json or npm-shrinkwrap.json are in sync. Please update your lock file with `npm install` before continuing.
333 error
333 error Missing: resend@3.5.0 from lock file
333 error Missing: @react-email/render@0.0.16 from lock file
333 error Missing: react@18.3.1 from lock file
333 error Missing: react-dom@18.3.1 from lock file
333 error Missing: html-to-text@9.0.5 from lock file
333 error Missing: js-beautify@1.15.4 from lock file
333 error Missing: react-promise-suspense@0.3.4 from lock file
333 error Missing: @selderee/plugin-htmlparser2@0.11.0 from lock file
333 error Missing: deepmerge@4.3.1 from lock file
333 error Missing: dom-serializer@2.0.0 from lock file
333 error Missing: htmlparser2@8.0.2 from lock file
333 error Missing: selderee@0.11.0 from lock file
333 error Missing: domhandler@5.0.3 from lock file
333 error Missing: domelementtype@2.3.0 from lock file
333 error Missing: entities@4.5.0 from lock file
333 error Missing: domutils@3.2.2 from lock file
333 error Missing: config-chain@1.1.13 from lock file
333 error Missing: editorconfig@1.0.7 from lock file
333 error Missing: glob@10.5.0 from lock file
333 error Missing: js-cookie@3.0.8 from lock file
333 error Missing: nopt@7.2.1 from lock file
333 error Missing: ini@1.3.8 from lock file
333 error Missing: proto-list@1.2.4 from lock file
333 error Missing: @one-ini/wasm@0.1.1 from lock file
333 error Missing: commander@10.0.1 from lock file
333 error Missing: minimatch@9.0.9 from lock file
333 error Missing: semver@7.8.5 from lock file
333 error Missing: foreground-child@3.3.1 from lock file
333 error Missing: jackspeak@3.4.3 from lock file
333 error Missing: minimatch@9.0.9 from lock file
333 error Missing: minipass@7.1.3 from lock file
333 error Missing: package-json-from-dist@1.0.1 from lock file
333 error Missing: path-scurry@1.11.1 from lock file
333 error Missing: signal-exit@4.1.0 from lock file
333 error Missing: @isaacs/cliui@8.0.2 from lock file
333 error Missing: @pkgjs/parseargs@0.11.0 from lock file
333 error Missing: string-width@5.1.2 from lock file
333 error Missing: string-width-cjs@4.2.3 from lock file
333 error Missing: strip-ansi@7.2.0 from lock file
333 error Missing: strip-ansi-cjs@6.0.1 from lock file
333 error Missing: wrap-ansi@8.1.0 from lock file
333 error Missing: wrap-ansi-cjs@7.0.0 from lock file
333 error Missing: abbrev@2.0.0 from lock file
333 error Missing: lru-cache@10.4.3 from lock file
333 error Missing: fast-deep-equal@2.0.1 from lock file
333 error Missing: parseley@0.12.1 from lock file
333 error Missing: leac@0.6.0 from lock file
333 error Missing: peberminta@0.9.0 from lock file
333 error Missing: eastasianwidth@0.2.0 from lock file
333 error Missing: emoji-regex@8.0.0 from lock file
333 error Missing: is-fullwidth-code-point@3.0.0 from lock file
333 error Missing: strip-ansi@6.0.1 from lock file
333 error Missing: ansi-regex@6.3.0 from lock file
333 error Missing: ansi-regex@5.0.1 from lock file
333 error Missing: ansi-styles@6.2.3 from lock file
333 error Missing: string-width@4.2.3 from lock file
333 error Missing: strip-ansi@6.0.1 from lock file
333 error Missing: brace-expansion@2.1.4 from lock file
333 error Missing: brace-expansion@2.1.4 from lock file
333 error Missing: scheduler@0.23.2 from lock file
333 error Missing: ansi-regex@5.0.1 from lock file
333 error Missing: emoji-regex@8.0.0 from lock file
333 error Missing: ansi-regex@5.0.1 from lock file
333 error
333 error Clean install a project
333 error
333 error Usage:
333 error npm ci
333 error
333 error Options:
333 error [--install-strategy <hoisted|nested|shallow|linked>] [--legacy-bundling]
333 error [--global-style] [--omit <dev|optional|peer> [--omit <dev|optional|peer> ...]]
333 error [--include <prod|dev|optional|peer> [--include <prod|dev|optional|peer> ...]]
333 error [--strict-peer-deps] [--foreground-scripts] [--ignore-scripts]
333 error [--allow-directory <all|none|root>] [--allow-file <all|none|root>]
333 error [--allow-git <all|none|root>] [--allow-remote <all|none|root>]
333 error [--allow-scripts <package-list> [--allow-scripts <package-list> ...]]
333 error [--strict-allow-scripts] [--dangerously-allow-all-scripts] [--no-audit]
333 error [--no-bin-links] [--no-fund] [--dry-run]
333 error [-w|--workspace <workspace-name> [-w|--workspace <workspace-name> ...]]
333 error [--workspaces] [--include-workspace-root] [--install-links]
333 error
333 error   --install-strategy
333 error     Sets the strategy for installing packages in node_modules.
333 error
333 error   --legacy-bundling
333 error     Instead of hoisting package installs in `node_modules`, install packages
333 error
333 error   --global-style
333 error     Only install direct dependencies in the top level `node_modules`,
333 error
333 error   --omit
333 error     Dependency types to omit from the installation tree on disk.
333 error
333 error   --include
333 error     Option that allows for defining which types of dependencies to install.
333 error
333 error   --strict-peer-deps
333 error     If set to `true`, and `--legacy-peer-deps` is not set, then _any_
333 error
333 error   --foreground-scripts
333 error     Run all build scripts (ie, `preinstall`, `install`, and
333 error
333 error   --ignore-scripts
333 error     If true, npm does not run scripts specified in package.json files.
333 error
333 error   --allow-directory
333 error     Limits the ability for npm to install dependencies from directories.
333 error
333 error   --allow-file
333 error     Limits the ability for npm to install dependencies from tarball files.
333 error
333 error   --allow-git
333 error     Limits the ability for npm to fetch dependencies from git references.
333 error
333 error   --allow-remote
333 error     Limits the ability for npm to fetch dependencies from urls.
333 error
333 error   --allow-scripts
333 error     Comma-separated list of packages whose install-time lifecycle scripts
333 error
333 error   --strict-allow-scripts
333 error     If `true`, turn the install-script policy from a warning into a hard
333 error
333 error   --dangerously-allow-all-scripts
333 error     If `true`, bypass the `allowScripts` policy entirely and run every
333 error
333 error   --audit
333 error     When "true" submit audit reports alongside the current npm command to the
333 error
333 error   --bin-links
333 error     Tells npm to create symlinks (or `.cmd` shims on Windows) for package
333 error
333 error   --fund
333 error     When "true" displays the message at the end of each `npm install`
333 error
333 error   --dry-run
333 error     Indicates that you don't want npm to make any changes and that it should
333 error
333 error   -w|--workspace
333 error     Enable running a command in the context of the configured workspaces of the
333 error
333 error   --workspaces
333 error     Set to true to run the command in the context of **all** configured
333 error
333 error   --include-workspace-root
333 error     Include the workspace root when workspaces are enabled for a command.
333 error
333 error   --install-links
333 error     When set file: protocol dependencies will be packed and installed as
333 error
333 error
333 error aliases: clean-install, ic, install-clean, isntall-clean
333 error
333 error Run "npm help ci" for more info
334 verbose cwd C:\Users\user\Downloads\QTM-Group-Website-Deploy-Ready-v34
335 verbose os Windows_NT 10.0.26200
336 verbose node v24.20.0
337 verbose npm  v11.19.0
338 verbose exit 1
339 verbose code 1
340 error A complete log of this run can be found in: C:\Users\user\Downloads\QTM-Group-Website-Deploy-Ready-v34\.sites-runtime\npm-cache\_logs\2026-09-08T15_23_37_861Z-debug-0.log
